Tue Sep 15 05:12:24 UTC 2026 - TBH update
Wed Sep 16 05:07:20 UTC 2026 - TBH update
Thu Sep 17 05:12:38 UTC 2026 - TBH update
Fri Sep 18 05:05:12 UTC 2026 - TBH update
Sat Sep 19 04:56:01 UTC 2026 - TBH update
Sun Sep 20 05:18:16 UTC 2026 - TBH update
Mon Sep 21 05:20:19 UTC 2026 - TBH update
Tue Sep 22 05:17:55 UTC 2026 - TBH update
Wed Sep 23 05:03:52 UTC 2026 - TBH update
Thu Sep 24 05:14:41 UTC 2026 - TBH update
Fri Sep 25 05:16:31 UTC 2026 - TBH update
Sat Sep 26 05:21:31 UTC 2026 - TBH update
Sun Sep 27 05:37:26 UTC 2026 - TBH update
Mon Sep 28 05:45:38 UTC 2026 - TBH update
Tue Sep 29 06:03:49 UTC 2026 - TBH update
Wed Sep 30 05:52:39 UTC 2026 - TBH update
Thu Oct  1 06:26:21 UTC 2026 - TBH update
Fri Oct  2 06:04:31 UTC 2026 - TBH update
Sat Oct  3 05:38:47 UTC 2026 - TBH update
Sun Oct  4 06:13:58 UTC 2026 - TBH update
Mon Oct  5 06:06:43 UTC 2026 - TBH update
Tue Oct  6 06:47:01 UTC 2026 - TBH update
